C51 COMPILER V9.60.7.0   CLEAN                                                             07/03/2025 09:06:39 PAGE 1   


C51 COMPILER V9.60.7.0, COMPILATION OF MODULE CLEAN
OBJECT MODULE PLACED IN .\Objects\Clean.obj
COMPILER INVOKED BY: C:\Keil_v5\C51\BIN\C51.EXE Clean.c OMF2 OPTIMIZE(8,SPEED) BROWSE DEBUG PRINT(.\Listings\Clean.lst) 
                    -TABS(2) OBJECT(.\Objects\Clean.obj)

line level    source

   1          #include <REGX52.H>
   2          void main(){}


MODULE INFORMATION:   STATIC OVERLAYABLE
   CODE SIZE        =      1    ----
   CONSTANT SIZE    =   ----    ----
   XDATA SIZE       =   ----    ----
   PDATA SIZE       =   ----    ----
   DATA SIZE        =   ----    ----
   IDATA SIZE       =   ----    ----
   BIT SIZE         =   ----    ----
   EDATA SIZE       =   ----    ----
   HDATA SIZE       =   ----    ----
   XDATA CONST SIZE =   ----    ----
   FAR CONST SIZE   =   ----    ----
END OF MODULE INFORMATION.


C51 COMPILATION COMPLETE.  0 WARNING(S),  0 ERROR(S)
