BL51 BANKED LINKER/LOCATER V6.22.4.0                                                    08/31/2025  09:32:57  PAGE 1


BL51 BANKED LINKER/LOCATER V6.22.4.0, INVOKED BY:
C:\KEIL_V5\C51\BIN\BL51.EXE .\Objects\STARTUP.obj, .\Objects\ledBlink.obj TO .\Objects\BlinkLed PRINT (.\Listings\BlinkL
>> ed.m51) RAMSIZE (256)


MEMORY MODEL: SMALL


INPUT MODULES INCLUDED:
  .\Objects\STARTUP.obj (?C_STARTUP)
  .\Objects\ledBlink.obj (LEDBLINK)


LINK MAP OF MODULE:  .\Objects\BlinkLed (?C_STARTUP)


            TYPE    BASE      LENGTH    RELOCATION   SEGMENT NAME
            -----------------------------------------------------

            * * * * * * *   D A T A   M E M O R Y   * * * * * * *
            REG     0000H     0008H     ABSOLUTE     "REG BANK 0"
            IDATA   0008H     0001H     UNIT         ?STACK

            * * * * * * *   C O D E   M E M O R Y   * * * * * * *
            CODE    0000H     0003H     ABSOLUTE     
                    0003H     07FDH                  *** GAP ***
            CODE    0800H     0038H     UNIT         ?PR?_LEDBLINK?LEDBLINK
            CODE    0838H     002DH     UNIT         ?PR?_DELAY?LEDBLINK
            CODE    0865H     000CH     UNIT         ?C_C51STARTUP
            CODE    0871H     000BH     UNIT         ?PR?MAIN?LEDBLINK



OVERLAY MAP OF MODULE:   .\Objects\BlinkLed (?C_STARTUP)


SEGMENT
  +--> CALLED SEGMENT
---------------------
?C_C51STARTUP
  +--> ?PR?MAIN?LEDBLINK



SYMBOL TABLE OF MODULE:  .\Objects\BlinkLed (?C_STARTUP)

  VALUE           TYPE          NAME
  ----------------------------------

  -------         MODULE        ?C_STARTUP
  C:0865H         SEGMENT       ?C_C51STARTUP
  I:0008H         SEGMENT       ?STACK
  C:0000H         PUBLIC        ?C_STARTUP
  D:00E0H         SYMBOL        ACC
  D:00F0H         SYMBOL        B
  D:0083H         SYMBOL        DPH
  D:0082H         SYMBOL        DPL
  N:0000H         SYMBOL        IBPSTACK
BL51 BANKED LINKER/LOCATER V6.22.4.0                                                  08/31/2025  09:32:57  PAGE 2


  N:0100H         SYMBOL        IBPSTACKTOP
  N:0080H         SYMBOL        IDATALEN
  C:0868H         SYMBOL        IDATALOOP
  N:0000H         SYMBOL        PBPSTACK
  N:0100H         SYMBOL        PBPSTACKTOP
  N:0000H         SYMBOL        PDATALEN
  N:0000H         SYMBOL        PDATASTART
  N:0000H         SYMBOL        PPAGE
  N:0000H         SYMBOL        PPAGEENABLE
  D:00A0H         SYMBOL        PPAGE_SFR
  D:0081H         SYMBOL        SP
  C:0865H         SYMBOL        STARTUP1
  N:0000H         SYMBOL        XBPSTACK
  N:0000H         SYMBOL        XBPSTACKTOP
  N:0000H         SYMBOL        XDATALEN
  N:0000H         SYMBOL        XDATASTART
  C:0000H         LINE#         126
  C:0865H         LINE#         133
  C:0867H         LINE#         134
  C:0868H         LINE#         135
  C:0869H         LINE#         136
  C:086BH         LINE#         185
  C:086EH         LINE#         196
  -------         ENDMOD        ?C_STARTUP

  -------         MODULE        LEDBLINK
  C:0000H         SYMBOL        _ICE_DUMMY_
  D:0080H         PUBLIC        P0
  D:0090H         PUBLIC        P1
  D:00A0H         PUBLIC        P2
  D:00B0H         PUBLIC        P3
  C:083CH         PUBLIC        _delay
  C:0871H         PUBLIC        main
  C:0800H         PUBLIC        _ledBlink
  D:0089H         PUBLIC        TMOD
  B:0088H.5       PUBLIC        TF0
  D:008CH         PUBLIC        TH0
  D:008AH         PUBLIC        TL0
  B:0088H.4       PUBLIC        TR0
  B:0080H.7       PUBLIC        led0
  B:0090H.7       PUBLIC        led1
  B:00A0H.7       PUBLIC        led2
  B:00B0H.7       PUBLIC        led3
  C:0838H         SYMBOL        L?0022
  -------         PROC          L?0021
  -------         ENDPROC       L?0021
  C:0838H         SYMBOL        L?0022
  -------         PROC          _DELAY
  D:0006H         SYMBOL        ms
  -------         DO            
  D:0004H         SYMBOL        i
  -------         ENDDO         
  C:083CH         LINE#         11
  C:083CH         LINE#         12
  C:083CH         LINE#         14
  C:0846H         LINE#         15
  C:0846H         LINE#         16
BL51 BANKED LINKER/LOCATER V6.22.4.0                                                  08/31/2025  09:32:57  PAGE 3


  C:0849H         LINE#         17
  C:084CH         LINE#         19
  C:084FH         LINE#         20
  C:0852H         LINE#         22
  C:0854H         LINE#         23
  C:0856H         LINE#         25
  C:0859H         LINE#         27
  C:085BH         LINE#         28
  C:085DH         LINE#         29
  C:0864H         LINE#         30
  -------         ENDPROC       _DELAY
  -------         PROC          _LEDBLINK
  D:0007H         SYMBOL        ledNum
  D:0002H         SYMBOL        mstime
  C:0800H         LINE#         32
  C:0804H         LINE#         33
  C:0812H         LINE#         34
  C:0812H         LINE#         35
  C:0814H         LINE#         36
  C:0817H         LINE#         37
  C:0819H         LINE#         38
  C:0819H         LINE#         39
  C:081BH         LINE#         40
  C:081BH         LINE#         41
  C:081DH         LINE#         42
  C:0820H         LINE#         43
  C:0822H         LINE#         44
  C:0822H         LINE#         45
  C:0824H         LINE#         46
  C:0824H         LINE#         47
  C:0826H         LINE#         48
  C:0829H         LINE#         49
  C:082BH         LINE#         50
  C:082BH         LINE#         51
  C:082DH         LINE#         52
  C:082DH         LINE#         53
  C:082FH         LINE#         54
  C:0832H         LINE#         55
  C:0834H         LINE#         56
  C:0837H         LINE#         57
  C:0837H         LINE#         58
  C:0837H         LINE#         60
  C:0837H         LINE#         61
  C:0837H         LINE#         62
  -------         ENDPROC       _LEDBLINK
  -------         PROC          MAIN
  C:0871H         LINE#         66
  C:0871H         LINE#         67
  C:0871H         LINE#         70
  C:0874H         LINE#         71
  C:0876H         LINE#         72
  C:0878H         LINE#         73
  C:087AH         LINE#         75
  C:087AH         LINE#         76
  C:087AH         LINE#         82
  -------         ENDPROC       MAIN
  -------         ENDMOD        LEDBLINK
BL51 BANKED LINKER/LOCATER V6.22.4.0                                                  08/31/2025  09:32:57  PAGE 4



*** WARNING L16: UNCALLED SEGMENT, IGNORED FOR OVERLAY PROCESS
    SEGMENT: ?PR?_LEDBLINK?LEDBLINK

******************************************************************************
* RESTRICTED VERSION WITH 0800H BYTE CODE SIZE LIMIT; USED: 007FH BYTE ( 6%) *
******************************************************************************

Program Size: data=9.0 xdata=0 code=127
LINK/LOCATE RUN COMPLETE.  1 WARNING(S),  0 ERROR(S)
