BL51 BANKED LINKER/LOCATER V6.22.4.0                                                    07/03/2025  08:19:41  PAGE 1


BL51 BANKED LINKER/LOCATER V6.22.4.0, INVOKED BY:
C:\KEIL_V5\C51\BIN\BL51.EXE .\Objects\STARTUP.obj, .\Objects\test.obj TO .\Objects\Practice PRINT (.\Listings\Practice.m
>> 51) RAMSIZE (256)


MEMORY MODEL: SMALL


INPUT MODULES INCLUDED:
  .\Objects\STARTUP.obj (?C_STARTUP)
  .\Objects\test.obj (TEST)


LINK MAP OF MODULE:  .\Objects\Practice (?C_STARTUP)


            TYPE    BASE      LENGTH    RELOCATION   SEGMENT NAME
            -----------------------------------------------------

            * * * * * * *   D A T A   M E M O R Y   * * * * * * *
            REG     0000H     0008H     ABSOLUTE     "REG BANK 0"
            IDATA   0008H     0001H     UNIT         ?STACK

            * * * * * * *   C O D E   M E M O R Y   * * * * * * *
            CODE    0000H     0003H     ABSOLUTE     
                    0003H     07FDH                  *** GAP ***
            CODE    0800H     002DH     UNIT         ?PR?_DELAY?TEST
            CODE    082DH     0019H     UNIT         ?PR?MAIN?TEST
            CODE    0846H     0014H     UNIT         ?PR?_RED?TEST
            CODE    085AH     0014H     UNIT         ?PR?_YELLOW?TEST
            CODE    086EH     0014H     UNIT         ?PR?_GREEN?TEST
            CODE    0882H     0014H     UNIT         ?PR?_BLUE?TEST
            CODE    0896H     000CH     UNIT         ?C_C51STARTUP



OVERLAY MAP OF MODULE:   .\Objects\Practice (?C_STARTUP)


SEGMENT
  +--> CALLED SEGMENT
---------------------
?C_C51STARTUP
  +--> ?PR?MAIN?TEST

?PR?MAIN?TEST
  +--> ?PR?_RED?TEST
  +--> ?PR?_BLUE?TEST

?PR?_RED?TEST
  +--> ?PR?_DELAY?TEST

?PR?_BLUE?TEST
  +--> ?PR?_DELAY?TEST



SYMBOL TABLE OF MODULE:  .\Objects\Practice (?C_STARTUP)
BL51 BANKED LINKER/LOCATER V6.22.4.0                                                  07/03/2025  08:19:41  PAGE 2



  VALUE           TYPE          NAME
  ----------------------------------

  -------         MODULE        ?C_STARTUP
  C:0896H         SEGMENT       ?C_C51STARTUP
  I:0008H         SEGMENT       ?STACK
  C:0000H         PUBLIC        ?C_STARTUP
  D:00E0H         SYMBOL        ACC
  D:00F0H         SYMBOL        B
  D:0083H         SYMBOL        DPH
  D:0082H         SYMBOL        DPL
  N:0000H         SYMBOL        IBPSTACK
  N:0100H         SYMBOL        IBPSTACKTOP
  N:0080H         SYMBOL        IDATALEN
  C:0899H         SYMBOL        IDATALOOP
  N:0000H         SYMBOL        PBPSTACK
  N:0100H         SYMBOL        PBPSTACKTOP
  N:0000H         SYMBOL        PDATALEN
  N:0000H         SYMBOL        PDATASTART
  N:0000H         SYMBOL        PPAGE
  N:0000H         SYMBOL        PPAGEENABLE
  D:00A0H         SYMBOL        PPAGE_SFR
  D:0081H         SYMBOL        SP
  C:0896H         SYMBOL        STARTUP1
  N:0000H         SYMBOL        XBPSTACK
  N:0000H         SYMBOL        XBPSTACKTOP
  N:0000H         SYMBOL        XDATALEN
  N:0000H         SYMBOL        XDATASTART
  C:0000H         LINE#         126
  C:0896H         LINE#         133
  C:0898H         LINE#         134
  C:0899H         LINE#         135
  C:089AH         LINE#         136
  C:089CH         LINE#         185
  C:089FH         LINE#         196
  -------         ENDMOD        ?C_STARTUP

  -------         MODULE        TEST
  C:0000H         SYMBOL        _ICE_DUMMY_
  D:0080H         PUBLIC        P0
  D:0090H         PUBLIC        P1
  D:00A0H         PUBLIC        P2
  D:00B0H         PUBLIC        P3
  C:0804H         PUBLIC        _delay
  C:086EH         PUBLIC        _green
  C:085AH         PUBLIC        _yellow
  C:082DH         PUBLIC        main
  C:0882H         PUBLIC        _blue
  D:0089H         PUBLIC        TMOD
  C:0846H         PUBLIC        _red
  B:0088H.5       PUBLIC        TF0
  D:008CH         PUBLIC        TH0
  D:008AH         PUBLIC        TL0
  B:0088H.4       PUBLIC        TR0
  C:0800H         SYMBOL        L?0016
  -------         PROC          L?0015
BL51 BANKED LINKER/LOCATER V6.22.4.0                                                  07/03/2025  08:19:41  PAGE 3


  -------         ENDPROC       L?0015
  C:0800H         SYMBOL        L?0016
  -------         PROC          _DELAY
  D:0006H         SYMBOL        ms
  -------         DO            
  D:0004H         SYMBOL        i
  -------         ENDDO         
  C:0804H         LINE#         17
  C:0804H         LINE#         18
  C:0804H         LINE#         20
  C:080EH         LINE#         21
  C:080EH         LINE#         22
  C:0811H         LINE#         23
  C:0814H         LINE#         25
  C:0817H         LINE#         26
  C:081AH         LINE#         28
  C:081CH         LINE#         29
  C:081EH         LINE#         31
  C:0821H         LINE#         33
  C:0823H         LINE#         34
  C:0825H         LINE#         35
  C:082CH         LINE#         36
  -------         ENDPROC       _DELAY
  -------         PROC          _RED
  D:0002H         SYMBOL        ms
  C:0846H         LINE#         39
  C:084AH         LINE#         40
  C:084AH         LINE#         41
  C:084DH         LINE#         42
  C:0850H         LINE#         43
  C:0853H         LINE#         44
  -------         ENDPROC       _RED
  -------         PROC          _YELLOW
  D:0002H         SYMBOL        ms
  C:085AH         LINE#         47
  C:085EH         LINE#         48
  C:085EH         LINE#         49
  C:0861H         LINE#         50
  C:0864H         LINE#         51
  C:0867H         LINE#         52
  -------         ENDPROC       _YELLOW
  -------         PROC          _GREEN
  D:0002H         SYMBOL        ms
  C:086EH         LINE#         55
  C:0872H         LINE#         56
  C:0872H         LINE#         57
  C:0875H         LINE#         58
  C:0878H         LINE#         59
  C:087BH         LINE#         60
  -------         ENDPROC       _GREEN
  -------         PROC          _BLUE
  D:0002H         SYMBOL        ms
  C:0882H         LINE#         63
  C:0886H         LINE#         64
  C:0886H         LINE#         65
  C:0889H         LINE#         66
  C:088CH         LINE#         67
BL51 BANKED LINKER/LOCATER V6.22.4.0                                                  07/03/2025  08:19:41  PAGE 4


  C:088FH         LINE#         68
  -------         ENDPROC       _BLUE
  -------         PROC          MAIN
  C:082DH         LINE#         73
  C:082DH         LINE#         74
  C:082DH         LINE#         77
  C:0830H         LINE#         78
  C:0832H         LINE#         79
  C:0834H         LINE#         80
  C:0836H         LINE#         83
  C:0836H         LINE#         84
  C:0836H         LINE#         85
  C:083DH         LINE#         86
  C:0844H         LINE#         87
  -------         ENDPROC       MAIN
  -------         ENDMOD        TEST

*** WARNING L16: UNCALLED SEGMENT, IGNORED FOR OVERLAY PROCESS
    SEGMENT: ?PR?_YELLOW?TEST

*** WARNING L16: UNCALLED SEGMENT, IGNORED FOR OVERLAY PROCESS
    SEGMENT: ?PR?_GREEN?TEST

******************************************************************************
* RESTRICTED VERSION WITH 0800H BYTE CODE SIZE LIMIT; USED: 00A5H BYTE ( 8%) *
******************************************************************************

Program Size: data=9.0 xdata=0 code=165
LINK/LOCATE RUN COMPLETE.  2 WARNING(S),  0 ERROR(S)
